// Jest Snapshot v1, https://goo.gl/fbAQLP

exports[`<Controls /> renders the place form if Robot is initialized in context 1`] = `
<form
  class="controls__form"
  data-testid="robotplaceform"
>
  <label
    class="controls__form__group controls__form__label"
    for="xCoordinate"
  >
    X-Coordinate:
    <input
      class="controls__form__input"
      max="4"
      min="0"
      name="xCoordinate"
      size="1"
      type="number"
    />
    <span
      class="controls__form__group__warning"
    />
  </label>
  <label
    class="controls__form__group controls__form__label"
    for="yCoordinate"
  >
    Y-Coordinate:
    <input
      class="controls__form__input"
      max="4"
      min="0"
      name="yCoordinate"
      size="1"
      type="number"
    />
    <span
      class="controls__form__group__warning"
    />
  </label>
  <label
    class="controls__form__group controls__form__label"
    for="direction"
  >
    Facing direction:
    <select
      class="controls__form__input"
      name="direction"
    >
      <option
        value="NORTH"
      >
        NORTH
      </option>
      <option
        value="EAST"
      >
        EAST
      </option>
      <option
        value="SOUTH"
      >
        SOUTH
      </option>
      <option
        value="WEST"
      >
        WEST
      </option>
    </select>
  </label>
  <input
    class="controls__form__input"
    type="submit"
    value="Place Robot"
  />
</form>
`;

exports[`<Controls /> renders the robot control if Robot is initialized in context 1`] = `
<div
  class="controls__buttons"
  data-testid="robotcontrolbuttons"
>
  <button
    class="svgbutton"
    data-testid="robotcontrol-button-turnleft"
  >
    <duotone-undo-svgrepo-com.svg
      aria-hidden="true"
    />
    <span
      class="svgbutton--visually-hidden"
    >
      Turn left
    </span>
  </button>
  <button
    class="svgbutton"
    data-testid="robotcontrol-button-move"
  >
    <duotone-arrow-up-svgrepo-com.svg
      aria-hidden="true"
    />
    <span
      class="svgbutton--visually-hidden"
    >
      Move Robot
    </span>
  </button>
  <button
    class="svgbutton"
    data-testid="robotcontrol-button-turnright"
  >
    <duotone-redo-svgrepo-com.svg
      aria-hidden="true"
    />
    <span
      class="svgbutton--visually-hidden"
    >
      Turn right
    </span>
  </button>
</div>
`;
